Recorded resume03 service owners remain active at this scene boundary.
{"passed": true, "scope": "Real UI camera regression only; no Blender/native acceptance", "rounds_requested": 10, "generation": "resume03", "viewer_source_sha256": "98006df1f6b922b58136d814e8ee97d30d94c8505adeede0cd2850c66ed8f331", "rounds": [{"round": 1, "views": [{"mode": "inspection", "target": "BLUE", "actual_depth_m": 0.4130274840422653, "focus_m": 0.4130274840422653, "focus_point_m": [0.64, -0.023000000000000007, 0.93], "positive_in_range": true, "focus_matches_contract": true}, {"mode": "detail", "target": "BASKET", "actual_depth_m": 0.6634589422803079, "focus_m": 0.663458942280308, "focus_point_m": [-0.25, -0.62, 0.9500000000000001], "positive_in_range": true, "focus_matches_contract": true}]}, {"round": 2, "views": [{"mode": "inspection", "target": "BLUE", "actual_depth_m": 0.41302748404226525, "focus_m": 0.41302748404226525, "focus_point_m": [0.64, -0.023000000000000007, 0.93], "positive_in_range": true, "focus_matches_contract": true}, {"mode": "detail", "target": "BASKET", "actual_depth_m": 0.6634589422803079, "focus_m": 0.663458942280308, "focus_point_m": [-0.25, -0.62, 0.9500000000000001], "positive_in_range": true, "focus_matches_contract": true}]}, {"round": 3, "views": [{"mode": "inspection", "target": "BLUE", "actual_depth_m": 0.41302748404226525, "focus_m": 0.41302748404226525, "focus_point_m": [0.64, -0.023000000000000007, 0.93], "positive_in_range": true, "focus_matches_contract": true}, {"mode": "detail", "target": "BASKET", "actual_depth_m": 0.6634589422803079, "focus_m": 0.663458942280308, "focus_point_m": [-0.25, -0.62, 0.9500000000000001], "positive_in_range": true, "focus_matches_contract": true}]}, {"round": 4, "views": [{"mode": "inspection", "target": "BLUE", "actual_depth_m": 0.41302748404226525, "focus_m": 0.41302748404226525, "focus_point_m": [0.64, -0.023000000000000007, 0.93], "positive_in_range": true, "focus_matches_contract": true}, {"mode": "detail", "target": "BASKET", "actual_depth_m": 0.6634589422803079, "focus_m": 0.663458942280308, "focus_point_m": [-0.25, -0.62, 0.9500000000000001], "positive_in_range": true, "focus_matches_contract": true}]}, {"round": 5, "views": [{"mode": "inspection", "target": "BLUE", "actual_depth_m": 0.41302748404226525, "focus_m": 0.41302748404226525, "focus_point_m": [0.64, -0.023000000000000007, 0.93], "positive_in_range": true, "focus_matches_contract": true}, {"mode": "detail", "target": "BASKET", "actual_depth_m": 0.6634589422803079, "focus_m": 0.663458942280308, "focus_point_m": [-0.25, -0.62, 0.9500000000000001], "positive_in_range": true, "focus_matches_contract": true}]}, {"round": 6, "views": [{"mode": "inspection", "target": "BLUE", "actual_depth_m": 0.41302748404226525, "focus_m": 0.41302748404226525, "focus_point_m": [0.64, -0.023000000000000007, 0.93], "positive_in_range": true, "focus_matches_contract": true}, {"mode": "detail", "target": "BASKET", "actual_depth_m": 0.6634589422803079, "focus_m": 0.663458942280308, "focus_point_m": [-0.25, -0.62, 0.9500000000000001], "positive_in_range": true, "focus_matches_contract": true}]}, {"round": 7, "views": [{"mode": "inspection", "target": "BLUE", "actual_depth_m": 0.41302748404226525, "focus_m": 0.41302748404226525, "focus_point_m": [0.64, -0.023000000000000007, 0.93], "positive_in_range": true, "focus_matches_contract": true}, {"mode": "detail", "target": "BASKET", "actual_depth_m": 0.6634589422803079, "focus_m": 0.663458942280308, "focus_point_m": [-0.25, -0.62, 0.9500000000000001], "positive_in_range": true, "focus_matches_contract": true}]}, {"round": 8, "views": [{"mode": "inspection", "target": "BLUE", "actual_depth_m": 0.41302748404226525, "focus_m": 0.41302748404226525, "focus_point_m": [0.64, -0.023000000000000007, 0.93], "positive_in_range": true, "focus_matches_contract": true}, {"mode": "detail", "target": "BASKET", "actual_depth_m": 0.6634589422803079, "focus_m": 0.663458942280308, "focus_point_m": [-0.25, -0.62, 0.9500000000000001], "positive_in_range": true, "focus_matches_contract": true}]}, {"round": 9, "views": [{"mode": "inspection", "target": "BLUE", "actual_depth_m": 0.41302748404226525, "focus_m": 0.41302748404226525, "focus_point_m": [0.64, -0.023000000000000007, 0.93], "positive_in_range": true, "focus_matches_contract": true}, {"mode": "detail", "target": "BASKET", "actual_depth_m": 0.6634589422803079, "focus_m": 0.663458942280308, "focus_point_m": [-0.25, -0.62, 0.9500000000000001], "positive_in_range": true, "focus_matches_contract": true}]}, {"round": 10, "views": [{"mode": "inspection", "target": "BLUE", "actual_depth_m": 0.41302748404226525, "focus_m": 0.41302748404226525, "focus_point_m": [0.64, -0.023000000000000007, 0.93], "positive_in_range": true, "focus_matches_contract": true}, {"mode": "detail", "target": "BASKET", "actual_depth_m": 0.6634589422803079, "focus_m": 0.663458942280308, "focus_point_m": [-0.25, -0.62, 0.9500000000000001], "positive_in_range": true, "focus_matches_contract": true}]}], "started_at": 1790015005.943256, "session_id": "2ab33eddf57f42b1870d003c31261d2e", "browser_errors": [], "finished_at": 1790015578.087903, "viewer_source_sha256_after": "98006df1f6b922b58136d814e8ee97d30d94c8505adeede0cd2850c66ed8f331"}
{
  "authorized_physical_gpus": [],
  "cuda_visible_devices": [],
  "host_reserve_gib": 25.15453948974609,
  "rss_limit_gib": 8.0,
  "command": [
    ".venv-simulation/bin/python",
    ".work/cloud_finish90_20260921/camera_fix/verify_camera_atomic.py",
    "--generation",
    "resume03",
    "--expected-viewer-source-sha256",
    "98006df1f6b922b58136d814e8ee97d30d94c8505adeede0cd2850c66ed8f331",
    "--out",
    "runs/simulation/cloud_finish90_20260921_e67b574/camera_atomic_live"
  ],
  "host_total_gib": 251.54539489746094,
  "host_max_used_fraction": 0.9,
  "host_reserve_policy": "explicit-used-fraction"
}
