{
  "archives_verified": 73,
  "members_verified": 9581
}
{
  "authorized_physical_gpus": [],
  "cuda_visible_devices": [],
  "host_reserve_gib": 25.15453948974609,
  "rss_limit_gib": 8.0,
  "command": [
    ".venv-simulation/bin/python",
    ".work/incoming/repair_review_20260920_25bcc909/HoloCue_Repair_Review_Kit/tools/review_bundle.py",
    "verify",
    "--out",
    "runs/simulation/cloud_finish90_20260921_e67b574/upload"
  ],
  "host_total_gib": 251.54539489746094,
  "host_max_used_fraction": 0.9,
  "host_reserve_policy": "explicit-used-fraction"
}
